---
source: crates/mcp-apollo-registry/src/uplink/schema.rs
expression: yaml
---
[]
