---
source: crates/apollo-mcp-registry/src/uplink/schema.rs
expression: yaml
---
[]
